###############################################################
#  Generated by:      Cadence Tempus 20.20-p001_1
#  OS:                Linux x86_64(Host ID APL11.kletech.ac.in)
#  Generated on:      Sat Mar 22 12:52:35 2025
#  Design:            mcrb
#  Command:           report_timing -early > Timing_report_holdcheck.rpt
###############################################################
Path 1: MET Hold Check with Pin skew_addr_cntr_reg[0]/CK 
Endpoint:   skew_addr_cntr_reg[0]/D (v) checked with  leading edge of 'sclk'
Beginpoint: skew_addr_cntr_reg[0]/Q (^) triggered by  leading edge of 'sclk'
Path Groups: {sclk}
Other End Arrival Time          0.000
+ Hold                          0.011
+ Phase Shift                   0.000
= Required Time                 0.011
  Arrival Time                  0.534
  Slack Time                    0.523
     Clock Rise Edge                 0.000
     + Clock Network Latency (Ideal) 0.000
     = Beginpoint Arrival Time       0.000
      ----------------------------------------------------------------------
      Instance               Arc           Cell     Delay  Arrival  Required  
                                                           Time     Time  
      ----------------------------------------------------------------------
      skew_addr_cntr_reg[0]  CK ^          -        -      0.000    -0.523  
      skew_addr_cntr_reg[0]  CK ^ -> Q ^   DFFR_X2  0.438  0.438    -0.086  
      g468__8428             A2 ^ -> ZN v  NOR2_X1  0.096  0.534    0.011  
      skew_addr_cntr_reg[0]  D v           DFFR_X2  0.000  0.534    0.011  
      ----------------------------------------------------------------------

